../../bin/gene.exe ../progs/max02
The following test parameters are not used by the code (see the generic test):
_x0, _x1
Generalized test:
assertEquals (max (_x0, _x1), _x2)
assertEquals (max (5, 2), 5)  genericity: 0
../../bin/gene.exe ../progs/max03
The following test parameters are not used by the code (see the generic test):
_x1
Generalized test:
assertEquals (max (_x0, _x1), _x2)
assertEquals (max (5, 2), 5)  genericity: 1
../../bin/gene.exe ../progs/max04
The following test parameters are not used by the code (see the generic test):
_x0
Generalized test:
assertEquals (max (_x0, _x1), _x2)
assertEquals (max (5, 2), 5)  genericity: 1
../../bin/gene.exe ../progs/max05
assertEquals (max (5, 2), 5)  genericity: 1
../../bin/gene.exe ../progs/max06
assertEquals (max (5, 2), 5)  genericity: 1
../../bin/gene.exe ../progs/max3
assertEquals (max3 (1, 3, 2), 3)  genericity: 1
